// Jest Snapshot v1, https://goo.gl/fbAQLP

exports[`<GridContainer /> should work 1`] = `
.c0 {
  display: grid;
  grid-template-columns: repeat(2,1fr);
  grid-gap: 1rem;
  margin-top: 3rem;
  position: relative;
}

<div
  class="c0"
/>
`;
