// Jest Snapshot v1, https://goo.gl/fbAQLP

exports[`<GridCell /> should work 1`] = `
.c0 {
  position: relative;
  box-shadow: rgba(0,0,0,0.25) 0px 2px 6px;
}

<div
  class="c0"
/>
`;
