// Jest Snapshot v1, https://goo.gl/fbAQLP

exports[`<OverlayWrap /> should work 1`] = `
<div
  class="sc-bdVaJa bqpTUz"
/>
`;
