// Jest Snapshot v1, https://goo.gl/fbAQLP

exports[`<ValidationMessage /> should work 1`] = `
<p
  class="sc-bdVaJa eUkwbj"
/>
`;
